// Vitest Snapshot v1, https://vitest.dev/guide/snapshot.html

exports[`<Score /> > should render 1`] = `
<div
  class="ui-score"
  data-testid="ui-score"
>
  <svg
    class="ui-score__ticks"
    viewBox="0 0 100 100"
    xmlns="http://www.w3.org/2000/svg"
  >
    <rect
      class="ui-score__tick"
      fill="currentColor"
      height="9px"
      stroke-linecap="round"
      style="transform: rotate(0deg) translateY(40px);"
      width="2px"
      x="50px"
      y="50px"
    />
    <rect
      class="ui-score__tick"
      fill="currentColor"
      height="9px"
      stroke-linecap="round"
      style="transform: rotate(12deg) translateY(40px);"
      width="2px"
      x="50px"
      y="50px"
    />
    <rect
      class="ui-score__tick"
      fill="currentColor"
      height="9px"
      stroke-linecap="round"
      style="transform: rotate(24deg) translateY(40px);"
      width="2px"
      x="50px"
      y="50px"
    />
    <rect
      class="ui-score__tick"
      fill="currentColor"
      height="9px"
      stroke-linecap="round"
      style="transform: rotate(36deg) translateY(40px);"
      width="2px"
      x="50px"
      y="50px"
    />
    <rect
      class="ui-score__tick"
      fill="currentColor"
      height="9px"
      stroke-linecap="round"
      style="transform: rotate(48deg) translateY(40px);"
      width="2px"
      x="50px"
      y="50px"
    />
    <rect
      class="ui-score__tick"
      fill="currentColor"
      height="9px"
      stroke-linecap="round"
      style="transform: rotate(60deg) translateY(40px);"
      width="2px"
      x="50px"
      y="50px"
    />
    <rect
      class="ui-score__tick"
      fill="currentColor"
      height="9px"
      stroke-linecap="round"
      style="transform: rotate(72deg) translateY(40px);"
      width="2px"
      x="50px"
      y="50px"
    />
    <rect
      class="ui-score__tick"
      fill="currentColor"
      height="9px"
      stroke-linecap="round"
      style="transform: rotate(84deg) translateY(40px);"
      width="2px"
      x="50px"
      y="50px"
    />
    <rect
      class="ui-score__tick"
      fill="currentColor"
      height="9px"
      stroke-linecap="round"
      style="transform: rotate(96deg) translateY(40px);"
      width="2px"
      x="50px"
      y="50px"
    />
    <rect
      class="ui-score__tick"
      fill="currentColor"
      height="9px"
      stroke-linecap="round"
      style="transform: rotate(108deg) translateY(40px);"
      width="2px"
      x="50px"
      y="50px"
    />
    <rect
      class="ui-score__tick"
      fill="currentColor"
      height="9px"
      stroke-linecap="round"
      style="transform: rotate(120deg) translateY(40px);"
      width="2px"
      x="50px"
      y="50px"
    />
    <rect
      class="ui-score__tick"
      fill="currentColor"
      height="9px"
      stroke-linecap="round"
      style="transform: rotate(132deg) translateY(40px);"
      width="2px"
      x="50px"
      y="50px"
    />
    <rect
      class="ui-score__tick"
      fill="currentColor"
      height="9px"
      stroke-linecap="round"
      style="transform: rotate(144deg) translateY(40px);"
      width="2px"
      x="50px"
      y="50px"
    />
    <rect
      class="ui-score__tick"
      fill="currentColor"
      height="9px"
      stroke-linecap="round"
      style="transform: rotate(156deg) translateY(40px);"
      width="2px"
      x="50px"
      y="50px"
    />
    <rect
      class="ui-score__tick"
      fill="currentColor"
      height="9px"
      stroke-linecap="round"
      style="transform: rotate(168deg) translateY(40px);"
      width="2px"
      x="50px"
      y="50px"
    />
    <rect
      class="ui-score__tick"
      fill="currentColor"
      height="9px"
      stroke-linecap="round"
      style="transform: rotate(180deg) translateY(40px);"
      width="2px"
      x="50px"
      y="50px"
    />
    <rect
      class="ui-score__tick"
      fill="currentColor"
      height="9px"
      stroke-linecap="round"
      style="transform: rotate(192deg) translateY(40px);"
      width="2px"
      x="50px"
      y="50px"
    />
    <rect
      class="ui-score__tick"
      fill="currentColor"
      height="9px"
      stroke-linecap="round"
      style="transform: rotate(204deg) translateY(40px);"
      width="2px"
      x="50px"
      y="50px"
    />
    <rect
      class="ui-score__tick"
      fill="currentColor"
      height="9px"
      stroke-linecap="round"
      style="transform: rotate(216deg) translateY(40px);"
      width="2px"
      x="50px"
      y="50px"
    />
    <rect
      class="ui-score__tick"
      fill="currentColor"
      height="9px"
      stroke-linecap="round"
      style="transform: rotate(228deg) translateY(40px);"
      width="2px"
      x="50px"
      y="50px"
    />
    <rect
      class="ui-score__tick"
      fill="currentColor"
      height="9px"
      stroke-linecap="round"
      style="transform: rotate(240deg) translateY(40px);"
      width="2px"
      x="50px"
      y="50px"
    />
    <rect
      class="ui-score__tick"
      fill="currentColor"
      height="9px"
      stroke-linecap="round"
      style="transform: rotate(252deg) translateY(40px);"
      width="2px"
      x="50px"
      y="50px"
    />
    <rect
      class="ui-score__tick"
      fill="currentColor"
      height="9px"
      stroke-linecap="round"
      style="transform: rotate(264deg) translateY(40px);"
      width="2px"
      x="50px"
      y="50px"
    />
    <rect
      class="ui-score__tick"
      fill="currentColor"
      height="9px"
      stroke-linecap="round"
      style="transform: rotate(276deg) translateY(40px);"
      width="2px"
      x="50px"
      y="50px"
    />
    <rect
      class="ui-score__tick"
      fill="currentColor"
      height="9px"
      stroke-linecap="round"
      style="transform: rotate(288deg) translateY(40px);"
      width="2px"
      x="50px"
      y="50px"
    />
    <rect
      class="ui-score__tick"
      fill="currentColor"
      height="9px"
      stroke-linecap="round"
      style="transform: rotate(300deg) translateY(40px);"
      width="2px"
      x="50px"
      y="50px"
    />
    <rect
      class="ui-score__tick"
      fill="currentColor"
      height="9px"
      stroke-linecap="round"
      style="transform: rotate(312deg) translateY(40px);"
      width="2px"
      x="50px"
      y="50px"
    />
    <rect
      class="ui-score__tick"
      fill="currentColor"
      height="9px"
      stroke-linecap="round"
      style="transform: rotate(324deg) translateY(40px);"
      width="2px"
      x="50px"
      y="50px"
    />
    <rect
      class="ui-score__tick"
      fill="currentColor"
      height="9px"
      stroke-linecap="round"
      style="transform: rotate(336deg) translateY(40px);"
      width="2px"
      x="50px"
      y="50px"
    />
    <rect
      class="ui-score__tick"
      fill="currentColor"
      height="9px"
      stroke-linecap="round"
      style="transform: rotate(348deg) translateY(40px);"
      width="2px"
      x="50px"
      y="50px"
    />
  </svg>
  <span
    class="ui-score__value"
    data-testid="ui-score-value"
  >
    30
  </span>
</div>
`;
